 Active preset: [38;2;34;197;94mbalanced[39m 

+----------------+------------------------------+-------------------+
|  [1mtier[0m          |  [1mmodel[0m                       |  [1mprice[0m            |
+----------------+------------------------------+-------------------+
|  orchestrator  |  anthropic/claude-opus-5     |  $5.00 /  $25.00  |
|  coder         |  qwen/qwen3.7-flash          |  $0.03 /   $0.13  |
|  research      |  deepseek/deepseek-v4-flash  |  $0.14 /   $0.28  |
|  fast          |  deepseek/deepseek-v4-flash  |  $0.14 /   $0.28  |
+----------------+------------------------------+-------------------+

